// Jest Snapshot v1, https://jestjs.io/docs/snapshot-testing

exports[`<UserTree/> should display user tree correctly 1`] = `
<DocumentFragment>
  <div>
    <div
      data-testid="user-node-container"
    >
      <div
        class="user-container"
      >
        <button
          aria-label="Expand"
          class="toggle"
          data-testid="toggle"
        >
          <strong>
            -
          </strong>
        </button>
        <div
          class="user-badge"
        >
          JS
        </div>
        <div
          class="user-details"
        >
          <div>
            John Smith
          </div>
          <div>
             john.smith@xtreet.tvl
          </div>
        </div>
      </div>
    </div>
    <div
      data-testid="user-node-container"
    >
      <div
        class="user-container"
      >
        <button
          aria-label="Collapse"
          class="toggle"
          data-testid="toggle"
        >
          +
        </button>
        <img
          class="user-badge"
          data-testid="user-badge"
          src="https://test.jpg"
        />
        <div
          class="user-details"
        >
          <div>
            Matthew Bartolacci
          </div>
          <div>
             matthew.bartolacci@btthew.net
          </div>
        </div>
      </div>
      <div
        class="user-children"
      >
        <div
          data-testid="user-node-container"
        >
          <div
            class="user-container"
          >
            <button
              aria-label="Expand"
              class="toggle"
              data-testid="toggle"
            >
              <strong>
                -
              </strong>
            </button>
            <div
              class="user-badge"
            >
              JS
            </div>
            <div
              class="user-details"
            >
              <div>
                Jane Smith
              </div>
              <div>
                 jane.smith@xtreet.tvl
              </div>
            </div>
          </div>
        </div>
      </div>
    </div>
    <div
      data-testid="user-node-container"
    >
      <div
        class="user-container"
      >
        <button
          aria-label="Expand"
          class="toggle"
          data-testid="toggle"
        >
          <strong>
            -
          </strong>
        </button>
        <div
          class="user-badge"
        >
          N/A
        </div>
        <div
          class="user-details"
        >
          <div>
             
          </div>
          <div>
             jane.doe@xtreet.tvl
          </div>
        </div>
      </div>
    </div>
  </div>
</DocumentFragment>
`;
